 4883O73ROO ;_;4883073R00 ;_;2023-03-01
 METAL BIELA NISSAN D21 24OO ;_;metal biela nissan d21 2.4;_;2023-03-01
 RODAMIENTO TRASER KIA AVELLA 2OOO ;_;rodamiento trasero kia avella 2000;_;2023-03-01
 R69O6151 ;_;r6906151;_;2023-03-01
